Microchip MPLAB XC8 Compiler V1.30 ()

Linker command line:

--edf=C:\Program Files (x86)\Microchip\xc8\v1.30\dat\en_msgs.txt -cs \
  -h+dist/default/production\Graphical_LCD.X.production.sym \
  --cmf=dist/default/production\Graphical_LCD.X.production.cmf -z -Q16F877 \
  -oC:\Users\IBRAHI~1\AppData\Local\Temp\s87o.6 \
  -Mdist/default/production/Graphical_LCD.X.production.map -E1 -ver=XC8 \
  -ASTACK=0110h-016fh -pstack=STACK -ACONST=00h-0FFhx32 -ACODE=00h-07FFhx4 \
  -ASTRCODE=00h-01FFFh -AENTRY=00h-0FFhx32 -ASTRING=00h-0FFhx32 \
  -ACOMMON=070h-07Fh -ABANK0=020h-06Fh -ABANK1=0A0h-0EFh \
  -ABANK2=0110h-016Fh -ABANK3=0190h-01EFh \
  -ARAM=020h-06Fh,0A0h-0EFh,0110h-016Fh,0190h-01EFh \
  -AABS1=020h-07Fh,0A0h-0EFh,0110h-016Fh,0190h-01EFh -ASFR0=00h-01Fh \
  -ASFR1=080h-09Fh -ASFR2=0100h-010Fh -ASFR3=0180h-018Fh \
  -preset_vec=00h,intentry,init,end_init -ppowerup=CODE -pcinit=CODE \
  -pfunctab=CODE -ACONFIG=02007h-02007h -pconfig=CONFIG -DCONFIG=2 \
  -AIDLOC=02000h-02003h -pidloc=IDLOC -DIDLOC=2 -AEEDATA=00h-0FFh/02100h \
  -peeprom_data=EEDATA -DEEDATA=2 -DCODE=2 -DSTRCODE=2 -DSTRING=2 -DCONST=2 \
  -DENTRY=2 -k C:\Users\IBRAHI~1\AppData\Local\Temp\s87o.obj \
  dist/default/production\Graphical_LCD.X.production.obj 

Object code version is 3.11

Machine type is 16F877



                Name                               Link     Load   Length Selector   Space Scale
C:\Users\IBRAHI~1\AppData\Local\Temp\s87o.obj
                end_init                              0        0        3        0       0
                config                             2007     2007        1     400E       0
dist/default/production\Graphical_LCD.X.production.obj
                cinit                               7FC      7FC        4      FF8       0
                text9                               680      680       18      D00       0
                text8                               643      643        9      C86       0
                text7                               64C      64C       10      C98       0
                text6                               66C      66C       14      CD8       0
                text5                               65C      65C       10      CB8       0
                text4                               781      781       7B      F02       0
                text3                               6C7      6C7       3A      D8E       0
                text2                               701      701       3A      E02       0
                text1                               698      698       2F      D30       0
                maintext                            73B      73B       46      E76       0
                cstackBANK0                          20       20        3       20       1
                cstackCOMMON                         70       70        E       70       1
                stringtext                          800      800      412       10       0

TOTAL           Name                               Link     Load   Length     Space
        CLASS   STACK          

        CLASS   CONST          

        CLASS   CODE           
                end_init                              0        0        3         0
                cinit                               7FC      7FC        4         0
                text9                               680      680       18         0
                text8                               643      643        9         0
                text7                               64C      64C       10         0
                text6                               66C      66C       14         0
                text5                               65C      65C       10         0
                text4                               781      781       7B         0
                text3                               6C7      6C7       3A         0
                text2                               701      701       3A         0
                text1                               698      698       2F         0
                maintext                            73B      73B       46         0

        CLASS   STRCODE        
                stringtext                          800      800      412         0

        CLASS   ENTRY          

        CLASS   STRING         

        CLASS   COMMON         
                cstackCOMMON                         70       70        E         1

        CLASS   BANK0          
                cstackBANK0                          20       20        3         1

        CLASS   BANK1          

        CLASS   BANK2          

        CLASS   BANK3          

        CLASS   RAM            

        CLASS   ABS1           
                abs_s1                               7E       7E        2         1

        CLASS   SFR0           

        CLASS   SFR1           

        CLASS   SFR2           

        CLASS   SFR3           

        CLASS   CONFIG         
                config                             2007     2007        1         0

        CLASS   IDLOC          

        CLASS   EEDATA         



SEGMENTS        Name                           Load    Length   Top    Selector   Space  Class     Delta

                reset_vec                      000000  000003  000003         0       0  CODE        2
                cstackBANK0                    000020  000003  000023        20       1  BANK0       1
                cstackCOMMON                   000070  00000E  00007E        70       1  COMMON      1
                text8                          000643  000009  00064C       C86       0  CODE        2
                text7                          00064C  000010  00065C       C98       0  CODE        2
                text5                          00065C  000010  00066C       CB8       0  CODE        2
                text6                          00066C  000014  000680       CD8       0  CODE        2
                text9                          000680  000018  000698       D00       0  CODE        2
                text1                          000698  00002F  0006C7       D30       0  CODE        2
                text3                          0006C7  00003A  000701       D8E       0  CODE        2
                text2                          000701  00003A  00073B       E02       0  CODE        2
                maintext                       00073B  000046  000781       E76       0  CODE        2
                text4                          000781  00007B  0007FC       F02       0  CODE        2
                cinit                          0007FC  000004  000800       FF8       0  CODE        2
                stringtext                     000800  000412  000C12        10       0  STRCODE     2
                config                         002007  000001  002008      400E       0  CONFIG      2


UNUSED ADDRESS RANGES

        Name                Unused          Largest block    Delta
        BANK0            0023-006F             4D           1
        BANK1            00A0-00EF             50           1
        BANK2            0110-016F             60           1
        BANK3            0190-01EF             60           1
        CODE             0003-0642            640           2
                         0C12-1FFF            800
        CONST            0003-0642            100           2
                         0C12-1FFF            100
        EEDATA           2100-21FF            100           2
        ENTRY            0003-0642            100           2
                         0C12-1FFF            100
        IDLOC            2000-2003              4           2
        RAM              0023-006F             4D           1
                         00A0-00EF             50
                         0110-016F             60
                         0190-01EF             60
        SFR0             0000-001F             20           1
        SFR1             0080-009F             20           1
        SFR2             0100-010F             10           1
        SFR3             0180-018F             10           1
        STACK            0110-016F             60           1
        STRCODE          0003-0642            640           2
                         0C12-1FFF           13EE
        STRING           0003-0642            100           2
                         0C12-1FFF            100

                                  Symbol Table

ChipSelection@Chip               cstackCOMMON 0070
ClearScreen@Page                 cstackCOMMON 0079
ClearScreen@X                    cstackCOMMON 007A
ClearScreen@Y                    cstackCOMMON 007B
DisplayPicture@Page              cstackCOMMON 007C
DisplayPicture@PtrArray          cstackCOMMON 0077
DisplayPicture@X                 cstackCOMMON 007B
DisplayPicture@Y                 cstackCOMMON 007D
FillScreen@Page                  cstackCOMMON 0079
FillScreen@X                     cstackCOMMON 007A
FillScreen@Y                     cstackCOMMON 007B
WriteAddressToLCD@AddressX       cstackCOMMON 0076
WriteAddressToLCD@AddressY       cstackCOMMON 0073
WriteAddressToLCD@SelectChip     cstackCOMMON 0074
WriteCommandToLCD@CommandToLCD   cstackCOMMON 0072
WriteCommandToLCD@SelectChip     cstackCOMMON 0071
WriteDataToLCD@DataToLCD         cstackCOMMON 0072
WriteDataToLCD@SelectChip        cstackCOMMON 0071
_ChipSelection                   text9        0680
_ClearScreen                     text2        0701
_DisplayPicture                  text4        0781
_FillScreen                      text3        06C7
_InitializeGraphicalLCD          text1        0698
_PORTCbits                       (abs)        0007
_PORTD                           (abs)        0008
_Picture1                        stringtext   0812
_TRISCbits                       (abs)        0087
_TRISD                           (abs)        0088
_ToggleEnablePin                 text8        0643
_WriteAddressToLCD               text6        066C
_WriteCommandToLCD               text7        064C
_WriteDataToLCD                  text5        065C
__CFG_BOREN$ON                   (abs)        0000
__CFG_CP$OFF                     (abs)        0000
__CFG_CPD$OFF                    (abs)        0000
__CFG_FOSC$HS                    (abs)        0000
__CFG_LVP$OFF                    (abs)        0000
__CFG_PWRTE$OFF                  (abs)        0000
__CFG_WDTE$OFF                   (abs)        0000
__CFG_WRT$OFF                    (abs)        0000
__Habs1                          abs1         0000
__Hbank0                         bank0        0000
__Hbank1                         bank1        0000
__Hbank2                         bank2        0000
__Hbank3                         bank3        0000
__Hcinit                         cinit        0800
__Hclrtext                       clrtext      0000
__Hcode                          code         0000
__Hcommon                        common       0000
__Hconfig                        config       2008
__HcstackBANK0                   cstackBANK0  0000
__HcstackCOMMON                  cstackCOMMON 0000
__Heeprom_data                   eeprom_data  0000
__Hend_init                      end_init     0003
__Hfunctab                       functab      0000
__Hidloc                         idloc        0000
__Hinit                          init         0000
__Hintentry                      intentry     0000
__Hmaintext                      maintext     0000
__Hpowerup                       powerup      0000
__Hram                           ram          0000
__Hreset_vec                     reset_vec    0000
__Hsfr0                          sfr0         0000
__Hsfr1                          sfr1         0000
__Hsfr2                          sfr2         0000
__Hsfr3                          sfr3         0000
__Hstack                         stack        0000
__Hstrings                       strings      0000
__Hstringtext                    stringtext   0000
__Htext                          text         0000
__Labs1                          abs1         0000
__Lbank0                         bank0        0000
__Lbank1                         bank1        0000
__Lbank2                         bank2        0000
__Lbank3                         bank3        0000
__Lcinit                         cinit        07FC
__Lclrtext                       clrtext      0000
__Lcode                          code         0000
__Lcommon                        common       0000
__Lconfig                        config       2007
__LcstackBANK0                   cstackBANK0  0000
__LcstackCOMMON                  cstackCOMMON 0000
__Leeprom_data                   eeprom_data  0000
__Lend_init                      end_init     0000
__Lfunctab                       functab      0000
__Lidloc                         idloc        0000
__Linit                          init         0000
__Lintentry                      intentry     0000
__Lmaintext                      maintext     0000
__Lpowerup                       powerup      0000
__Lram                           ram          0000
__Lreset_vec                     reset_vec    0000
__Lsfr0                          sfr0         0000
__Lsfr1                          sfr1         0000
__Lsfr2                          sfr2         0000
__Lsfr3                          sfr3         0000
__Lstack                         stack        0000
__Lstrings                       strings      0000
__Lstringtext                    stringtext   0000
__Ltext                          text         0000
__S0                             (abs)        2008
__S1                             (abs)        007E
__S2                             (abs)        0000
__S3                             (abs)        0000
___int_sp                        stack        0000
___latbits                       (abs)        0002
___sp                            stack        0000
__end_of_ChipSelection           text9        0698
__end_of_ClearScreen             text2        073B
__end_of_DisplayPicture          text4        07FC
__end_of_FillScreen              text3        0701
__end_of_InitializeGraphicalLCD  text1        06C7
__end_of_Picture1                stringtext   0C12
__end_of_ToggleEnablePin         text8        064C
__end_of_WriteAddressToLCD       text6        0680
__end_of_WriteCommandToLCD       text7        065C
__end_of_WriteDataToLCD          text5        066C
__end_of__initialization         cinit        07FC
__end_of__stringtab              stringtext   0812
__end_of_main                    maintext     0781
__initialization                 cinit        07FC
__pcstackBANK0                   cstackBANK0  0020
__pcstackCOMMON                  cstackCOMMON 0070
__pmaintext                      maintext     073B
__pstringtext                    stringtext   0800
__ptext1                         text1        0698
__ptext2                         text2        0701
__ptext3                         text3        06C7
__ptext4                         text4        0781
__ptext5                         text5        065C
__ptext6                         text6        066C
__ptext7                         text7        064C
__ptext8                         text8        0643
__ptext9                         text9        0680
__size_of_ChipSelection          (abs)        0000
__size_of_ClearScreen            (abs)        0000
__size_of_DisplayPicture         (abs)        0000
__size_of_FillScreen             (abs)        0000
__size_of_InitializeGraphicalLCD (abs)        0000
__size_of_ToggleEnablePin        (abs)        0000
__size_of_WriteAddressToLCD      (abs)        0000
__size_of_WriteCommandToLCD      (abs)        0000
__size_of_WriteDataToLCD         (abs)        0000
__size_of_main                   (abs)        0000
__stringbase                     stringtext   0812
__stringtab                      stringtext   0800
_main                            maintext     073B
btemp                            (abs)        007E
end_of_initialization            cinit        07FC
intlevel0                        functab      0000
intlevel1                        functab      0000
intlevel2                        functab      0000
intlevel3                        functab      0000
intlevel4                        functab      0000
intlevel5                        functab      0000
ltemp                            (abs)        007E
ltemp0                           (abs)        007E
ltemp1                           (abs)        0082
ltemp2                           (abs)        0086
ltemp3                           (abs)        0080
reset_vec                        reset_vec    0000
stackhi                          (abs)        0000
stacklo                          (abs)        0000
start                            init         0000
start_initialization             cinit        07FC
ttemp                            (abs)        007E
ttemp0                           (abs)        007E
ttemp1                           (abs)        0081
ttemp2                           (abs)        0084
ttemp3                           (abs)        0087
ttemp4                           (abs)        007F
wtemp                            (abs)        007E
wtemp0                           (abs)        007E
wtemp1                           (abs)        0080
wtemp2                           (abs)        0082
wtemp3                           (abs)        0084
wtemp4                           (abs)        0086
wtemp5                           (abs)        0088
wtemp6                           (abs)        007F


FUNCTION INFORMATION:

 *************** function _main *****************
 Defined at:
		line 31 in file "main.c"
 Parameters:    Size  Location     Type
		None
 Auto vars:     Size  Location     Type
		None
 Return value:  Size  Location     Type
                  2   14[COMMON] int 
 Registers used:
		wreg, fsr0l, fsr0h, status,2, status,0, btemp+1, pclath, cstack
 Tracked objects:
		On entry : 
		On exit  : 
		Unchanged: 
 Data sizes:     COMMON   BANK0   BANK1   BANK3   BANK2
      Params:         0       0       0       0       0
      Locals:         0       0       0       0       0
      Temps:          0       3       0       0       0
      Totals:         0       3       0       0       0
Total ram usage:        3 bytes
 Hardware stack levels required when called:    5
 This function calls:
		_ClearScreen
		_DisplayPicture
		_FillScreen
		_InitializeGraphicalLCD
 This function is called by:
		Startup code after reset
 This function uses a non-reentrant model


 *************** function _InitializeGraphicalLCD *****************
 Defined at:
		line 17 in file "GraphicalLCD.c"
 Parameters:    Size  Location     Type
		None
 Auto vars:     Size  Location     Type
		None
 Return value:  Size  Location     Type
		None               void
 Registers used:
		wreg, status,2, status,0, pclath, cstack
 Tracked objects:
		On entry : 
		On exit  : 
		Unchanged: 
 Data sizes:     COMMON   BANK0   BANK1   BANK3   BANK2
      Params:         0       0       0       0       0
      Locals:         0       0       0       0       0
      Temps:          1       0       0       0       0
      Totals:         1       0       0       0       0
Total ram usage:        1 bytes
 Hardware stack levels used:    1
 Hardware stack levels required when called:    4
 This function calls:
		_ClearScreen
		_WriteCommandToLCD
 This function is called by:
		_main
 This function uses a non-reentrant model


 *************** function _ClearScreen *****************
 Defined at:
		line 90 in file "GraphicalLCD.c"
 Parameters:    Size  Location     Type
		None
 Auto vars:     Size  Location     Type
  Y               1   11[COMMON] unsigned char 
  X               1   10[COMMON] unsigned char 
  Page            1    9[COMMON] unsigned char 
 Return value:  Size  Location     Type
		None               void
 Registers used:
		wreg, status,2, status,0, pclath, cstack
 Tracked objects:
		On entry : 
		On exit  : 
		Unchanged: 
 Data sizes:     COMMON   BANK0   BANK1   BANK3   BANK2
      Params:         0       0       0       0       0
      Locals:         3       0       0       0       0
      Temps:          2       0       0       0       0
      Totals:         5       0       0       0       0
Total ram usage:        5 bytes
 Hardware stack levels used:    1
 Hardware stack levels required when called:    3
 This function calls:
		_WriteAddressToLCD
		_WriteDataToLCD
 This function is called by:
		_main
		_InitializeGraphicalLCD
 This function uses a non-reentrant model


 *************** function _FillScreen *****************
 Defined at:
		line 104 in file "GraphicalLCD.c"
 Parameters:    Size  Location     Type
		None
 Auto vars:     Size  Location     Type
  Y               1   11[COMMON] unsigned char 
  X               1   10[COMMON] unsigned char 
  Page            1    9[COMMON] unsigned char 
 Return value:  Size  Location     Type
		None               void
 Registers used:
		wreg, status,2, status,0, pclath, cstack
 Tracked objects:
		On entry : 
		On exit  : 
		Unchanged: 
 Data sizes:     COMMON   BANK0   BANK1   BANK3   BANK2
      Params:         0       0       0       0       0
      Locals:         3       0       0       0       0
      Temps:          2       0       0       0       0
      Totals:         5       0       0       0       0
Total ram usage:        5 bytes
 Hardware stack levels used:    1
 Hardware stack levels required when called:    3
 This function calls:
		_WriteAddressToLCD
		_WriteDataToLCD
 This function is called by:
		_main
 This function uses a non-reentrant model


 *************** function _DisplayPicture *****************
 Defined at:
		line 118 in file "GraphicalLCD.c"
 Parameters:    Size  Location     Type
  PtrArray        2    7[COMMON] PTR const unsigned char 
		 -> Picture1(1024), 
 Auto vars:     Size  Location     Type
  Y               1   13[COMMON] unsigned char 
  Page            1   12[COMMON] unsigned char 
  X               1   11[COMMON] unsigned char 
 Return value:  Size  Location     Type
		None               void
 Registers used:
		wreg, fsr0l, fsr0h, status,2, status,0, btemp+1, pclath, cstack
 Tracked objects:
		On entry : 
		On exit  : 
		Unchanged: 
 Data sizes:     COMMON   BANK0   BANK1   BANK3   BANK2
      Params:         2       0       0       0       0
      Locals:         3       0       0       0       0
      Temps:          2       0       0       0       0
      Totals:         7       0       0       0       0
Total ram usage:        7 bytes
 Hardware stack levels used:    1
 Hardware stack levels required when called:    3
 This function calls:
		_WriteAddressToLCD
		_WriteDataToLCD
 This function is called by:
		_main
 This function uses a non-reentrant model


 *************** function _WriteDataToLCD *****************
 Defined at:
		line 71 in file "GraphicalLCD.c"
 Parameters:    Size  Location     Type
  DataToLCD       1    wreg     unsigned char 
  SelectChip      1    1[COMMON] unsigned char 
 Auto vars:     Size  Location     Type
  DataToLCD       1    2[COMMON] unsigned char 
 Return value:  Size  Location     Type
		None               void
 Registers used:
		wreg, status,2, status,0, pclath, cstack
 Tracked objects:
		On entry : 
		On exit  : 
		Unchanged: 
 Data sizes:     COMMON   BANK0   BANK1   BANK3   BANK2
      Params:         1       0       0       0       0
      Locals:         1       0       0       0       0
      Temps:          0       0       0       0       0
      Totals:         2       0       0       0       0
Total ram usage:        2 bytes
 Hardware stack levels used:    1
 Hardware stack levels required when called:    1
 This function calls:
		_ChipSelection
		_ToggleEnablePin
 This function is called by:
		_ClearScreen
		_FillScreen
		_DisplayPicture
 This function uses a non-reentrant model


 *************** function _WriteAddressToLCD *****************
 Defined at:
		line 81 in file "GraphicalLCD.c"
 Parameters:    Size  Location     Type
  AddressX        1    wreg     unsigned char 
  AddressY        1    3[COMMON] unsigned char 
  SelectChip      1    4[COMMON] unsigned char 
 Auto vars:     Size  Location     Type
  AddressX        1    6[COMMON] unsigned char 
 Return value:  Size  Location     Type
		None               void
 Registers used:
		wreg, status,2, status,0, pclath, cstack
 Tracked objects:
		On entry : 
		On exit  : 
		Unchanged: 
 Data sizes:     COMMON   BANK0   BANK1   BANK3   BANK2
      Params:         2       0       0       0       0
      Locals:         1       0       0       0       0
      Temps:          1       0       0       0       0
      Totals:         4       0       0       0       0
Total ram usage:        4 bytes
 Hardware stack levels used:    1
 Hardware stack levels required when called:    2
 This function calls:
		_WriteCommandToLCD
 This function is called by:
		_ClearScreen
		_FillScreen
		_DisplayPicture
 This function uses a non-reentrant model


 *************** function _WriteCommandToLCD *****************
 Defined at:
		line 61 in file "GraphicalLCD.c"
 Parameters:    Size  Location     Type
  CommandToLCD    1    wreg     unsigned char 
  SelectChip      1    1[COMMON] unsigned char 
 Auto vars:     Size  Location     Type
  CommandToLCD    1    2[COMMON] unsigned char 
 Return value:  Size  Location     Type
		None               void
 Registers used:
		wreg, status,2, status,0, pclath, cstack
 Tracked objects:
		On entry : 
		On exit  : 
		Unchanged: 
 Data sizes:     COMMON   BANK0   BANK1   BANK3   BANK2
      Params:         1       0       0       0       0
      Locals:         1       0       0       0       0
      Temps:          0       0       0       0       0
      Totals:         2       0       0       0       0
Total ram usage:        2 bytes
 Hardware stack levels used:    1
 Hardware stack levels required when called:    1
 This function calls:
		_ChipSelection
		_ToggleEnablePin
 This function is called by:
		_InitializeGraphicalLCD
		_WriteAddressToLCD
 This function uses a non-reentrant model


 *************** function _ToggleEnablePin *****************
 Defined at:
		line 53 in file "GraphicalLCD.c"
 Parameters:    Size  Location     Type
		None
 Auto vars:     Size  Location     Type
		None
 Return value:  Size  Location     Type
		None               void
 Registers used:
		None
 Tracked objects:
		On entry : 
		On exit  : 
		Unchanged: 
 Data sizes:     COMMON   BANK0   BANK1   BANK3   BANK2
      Params:         0       0       0       0       0
      Locals:         0       0       0       0       0
      Temps:          0       0       0       0       0
      Totals:         0       0       0       0       0
Total ram usage:        0 bytes
 Hardware stack levels used:    1
 This function calls:
		Nothing
 This function is called by:
		_WriteCommandToLCD
		_WriteDataToLCD
 This function uses a non-reentrant model


 *************** function _ChipSelection *****************
 Defined at:
		line 34 in file "GraphicalLCD.c"
 Parameters:    Size  Location     Type
  Chip            1    wreg     unsigned char 
 Auto vars:     Size  Location     Type
  Chip            1    0[COMMON] unsigned char 
 Return value:  Size  Location     Type
		None               void
 Registers used:
		wreg
 Tracked objects:
		On entry : 
		On exit  : 
		Unchanged: 
 Data sizes:     COMMON   BANK0   BANK1   BANK3   BANK2
      Params:         0       0       0       0       0
      Locals:         1       0       0       0       0
      Temps:          0       0       0       0       0
      Totals:         1       0       0       0       0
Total ram usage:        1 bytes
 Hardware stack levels used:    1
 This function calls:
		Nothing
 This function is called by:
		_WriteCommandToLCD
		_WriteDataToLCD
 This function uses a non-reentrant model



MODULE INFORMATION

Module		Function		Class		Link	Load	Size
GraphicalLCD.c
		_WriteAddressTo		CODE           	066C	0000	20
		_ClearScreen   		CODE           	0701	0000	58
		_DisplayPicture		CODE           	0781	0000	123
		_WriteCommandTo		CODE           	064C	0000	16
		_WriteDataToLCD		CODE           	065C	0000	16
		_ChipSelection 		CODE           	0680	0000	24
		_FillScreen    		CODE           	06C7	0000	58
		_InitializeGrap		CODE           	0698	0000	47
		_ToggleEnablePi		CODE           	0643	0000	9

GraphicalLCD.c estimated size: 371

shared
		__stringtab    		STRCODE        	0800	0000	18
		_Picture1      		STRCODE        	0812	0000	1024
		__initializatio		CODE           	07FC	0000	0

shared estimated size: 1042

main.c
		_main          		CODE           	073B	0000	70

main.c estimated size: 70

